init from runs/ssl/ssl.pt []
{"epoch": 1, "loss": 0.4411743891239166, "lr": 0.0003135532623851087, "val_macro_f1": 0.3502858964578094, "val_micro_f1": 0.14779385388018654, "elapsed_min": 0.10340509017308554}
{"epoch": 2, "loss": 0.09948539454489946, "lr": 0.0008421812920683266, "val_macro_f1": 0.5410437957636416, "val_micro_f1": 0.626080860014022, "elapsed_min": 0.13763796885808308}
{"epoch": 3, "loss": 0.041639340482652186, "lr": 0.0015637762005310427, "val_macro_f1": 0.6053555397109529, "val_micro_f1": 0.5839940797124431, "elapsed_min": 0.1698513150215149}
{"epoch": 4, "loss": 0.03017558589577675, "lr": 0.002284355975754587, "val_macro_f1": 0.5660431179813487, "val_micro_f1": 0.5627740948495666, "elapsed_min": 0.20106889406840006}
{"epoch": 5, "loss": 0.024422632614150643, "lr": 0.002810211497873341, "val_macro_f1": 0.7172036275929672, "val_micro_f1": 0.7494134209291412, "elapsed_min": 0.23328232765197754}
{"epoch": 6, "loss": 0.020920190680772065, "lr": 0.002999999746153173, "val_macro_f1": 0.6683204567709569, "val_micro_f1": 0.7083926031294452, "elapsed_min": 0.2665409247080485}
{"epoch": 7, "loss": 0.01869983627460897, "lr": 0.0029974112534110454, "val_macro_f1": 0.5690772683982015, "val_micro_f1": 0.6768346043255408, "elapsed_min": 0.29706037839253746}
{"epoch": 8, "loss": 0.016304047042503954, "lr": 0.002989756015283832, "val_macro_f1": 0.6952320056883046, "val_micro_f1": 0.7710338021218851, "elapsed_min": 0.3280262271563212}
{"epoch": 9, "loss": 0.014877442372962832, "lr": 0.0029770599346741465, "val_macro_f1": 0.7110393327004776, "val_micro_f1": 0.7807418699186992, "elapsed_min": 0.35912474791208904}
{"epoch": 10, "loss": 0.012757638660259545, "lr": 0.0029593659710999225, "val_macro_f1": 0.5429756127942549, "val_micro_f1": 0.4598006644518273, "elapsed_min": 0.3905128002166748}
{"epoch": 11, "loss": 0.011893234429880977, "lr": 0.0029367339953330035, "val_macro_f1": 0.6463918976130664, "val_micro_f1": 0.5849686847599165, "elapsed_min": 0.42147982915242516}
{"epoch": 12, "loss": 0.010057365775574, "lr": 0.002909240586815401, "val_macro_f1": 0.7097709600555144, "val_micro_f1": 0.7945627083867658, "elapsed_min": 0.45273597240448}
{"epoch": 13, "loss": 0.010416446009185166, "lr": 0.002876978774538706, "val_macro_f1": 0.7577218419042335, "val_micro_f1": 0.8258281573498966, "elapsed_min": 0.48412243922551473}
{"epoch": 14, "loss": 0.007950208857655525, "lr": 0.0028400577222634266, "val_macro_f1": 0.47802830466843543, "val_micro_f1": 0.3102942040049328, "elapsed_min": 0.5164963126182556}
{"epoch": 15, "loss": 0.006731332829222083, "lr": 0.0027986023591433785, "val_macro_f1": 0.7650131921667609, "val_micro_f1": 0.8115412710007305, "elapsed_min": 0.549684468905131}
{"epoch": 16, "loss": 0.005578379929065704, "lr": 0.002752752957004975, "val_macro_f1": 0.7407149777547484, "val_micro_f1": 0.8178988326848249, "elapsed_min": 0.5812648216883342}
{"epoch": 17, "loss": 0.005117371447850019, "lr": 0.0027026646557117657, "val_macro_f1": 0.6936722124340171, "val_micro_f1": 0.7595607724346838, "elapsed_min": 0.6140456000963846}
{"epoch": 18, "loss": 0.0043709917378146204, "lr": 0.002648506938220249, "val_macro_f1": 0.7378996542085284, "val_micro_f1": 0.8057626690256541, "elapsed_min": 0.6466285983721415}
{"epoch": 19, "loss": 0.0039397059241309765, "lr": 0.0025904630571031953, "val_macro_f1": 0.7605251754786941, "val_micro_f1": 0.7866747425802544, "elapsed_min": 0.6777163465817769}
{"epoch": 20, "loss": 0.003195370999164879, "lr": 0.0025287294144809474, "val_macro_f1": 0.7573165875400648, "val_micro_f1": 0.8334401846390563, "elapsed_min": 0.7090467611948649}
{"epoch": 21, "loss": 0.0027123960212338716, "lr": 0.002463514897458814, "val_macro_f1": 0.7490135369721348, "val_micro_f1": 0.81474888747616, "elapsed_min": 0.741966982682546}
{"epoch": 22, "loss": 0.0019920324842678384, "lr": 0.0023950401713192307, "val_macro_f1": 0.7516459750427283, "val_micro_f1": 0.8157693289104364, "elapsed_min": 0.7726373473803202}
{"epoch": 23, "loss": 0.0028884224069770426, "lr": 0.0023235369328602896, "val_macro_f1": 0.7837348102242991, "val_micro_f1": 0.8402246043899949, "elapsed_min": 0.8034074425697326}
{"epoch": 24, "loss": 0.0019432986732863355, "lr": 0.0022492471264071202, "val_macro_f1": 0.7644089879774686, "val_micro_f1": 0.826530612244898, "elapsed_min": 0.8354914744695028}
{"epoch": 25, "loss": 0.0012762328950338996, "lr": 0.002172422125148875, "val_macro_f1": 0.77954943019841, "val_micro_f1": 0.8268668108383157, "elapsed_min": 0.8675802111625671}
{"epoch": 26, "loss": 0.0005561804678291082, "lr": 0.002093321880571432, "val_macro_f1": 0.7880653326630478, "val_micro_f1": 0.835436518156065, "elapsed_min": 0.898501439889272}
{"epoch": 27, "loss": 0.0004437730937206652, "lr": 0.002012214042863849, "val_macro_f1": 0.7926100751045646, "val_micro_f1": 0.8438011327879169, "elapsed_min": 0.9310554941495259}
{"epoch": 28, "loss": 0.0004276467431918718, "lr": 0.0019293730552748477, "val_macro_f1": 0.7871763548794468, "val_micro_f1": 0.8394569684892265, "elapsed_min": 0.9624152898788452}
{"epoch": 29, "loss": 0.00016437083319033265, "lr": 0.0018450792254837336, "val_macro_f1": 0.7870685746369261, "val_micro_f1": 0.8455947979089633, "elapsed_min": 0.9952310601870219}
{"epoch": 30, "loss": 0.00015737454112240811, "lr": 0.0017596177771279362, "val_macro_f1": 0.7906922630717591, "val_micro_f1": 0.841056302939711, "elapsed_min": 1.0264278809229532}
{"epoch": 31, "loss": 0.00019048326703341445, "lr": 0.001673277884696508, "val_macro_f1": 0.7840185652905223, "val_micro_f1": 0.8367142499373905, "elapsed_min": 1.056696613629659}
{"epoch": 32, "loss": 0.00011291668950434541, "lr": 0.0015863516950551894, "val_macro_f1": 0.7926430389926258, "val_micro_f1": 0.8486086290528466, "elapsed_min": 1.0886525154113769}
{"epoch": 33, "loss": 0.00026923388166324004, "lr": 0.0014991333389138886, "val_macro_f1": 0.7849047474981453, "val_micro_f1": 0.831767505950144, "elapsed_min": 1.1215542872746787}
{"epoch": 34, "loss": 0.0014383677310252096, "lr": 0.0014119179355814697, "val_macro_f1": 0.7631714162621344, "val_micro_f1": 0.8196048242237619, "elapsed_min": 1.152900477250417}
{"epoch": 35, "loss": 0.0005071071754355216, "lr": 0.0013250005943754228, "val_macro_f1": 0.791857356861767, "val_micro_f1": 0.8423988842398883, "elapsed_min": 1.1831578056017558}
{"epoch": 36, "loss": 0.00015132801861909685, "lr": 0.001238675416065355, "val_macro_f1": 0.7917827055551601, "val_micro_f1": 0.8443384383630429, "elapsed_min": 1.215541402498881}
{"epoch": 37, "loss": 0.00010403555541415698, "lr": 0.001153234497729076, "val_macro_f1": 0.7980603853996019, "val_micro_f1": 0.8465528146742568, "elapsed_min": 1.2483674883842468}
{"epoch": 38, "loss": 0.00010689715039916337, "lr": 0.0010689669443885513, "val_macro_f1": 0.786854233973094, "val_micro_f1": 0.843674353420818, "elapsed_min": 1.2800021012624105}
{"epoch": 39, "loss": 7.336181399296037e-05, "lr": 0.0009861578907700193, "val_macro_f1": 0.7962174779114699, "val_micro_f1": 0.8465327775672604, "elapsed_min": 1.3135306676228842}
{"epoch": 40, "loss": 7.017523264948977e-05, "lr": 0.0009050875364983378, "val_macro_f1": 0.792226003768801, "val_micro_f1": 0.8455222937981558, "elapsed_min": 1.344894810517629}
{"epoch": 41, "loss": 6.837469152742414e-05, "lr": 0.000826030197990147, "val_macro_f1": 0.7904181426559871, "val_micro_f1": 0.8465352828989194, "elapsed_min": 1.377268632253011}
{"epoch": 42, "loss": 5.235815204287064e-05, "lr": 0.0007492533802539477, "val_macro_f1": 0.7922779039458906, "val_micro_f1": 0.8452261306532663, "elapsed_min": 1.4098624229431151}
{"epoch": 43, "loss": 4.645343142328784e-05, "lr": 0.0006750168717378298, "val_macro_f1": 0.7929199362626886, "val_micro_f1": 0.8499486125385405, "elapsed_min": 1.4404013832410176}
{"epoch": 44, "loss": 3.781602719755028e-05, "lr": 0.0006035718652876, "val_macro_f1": 0.792519103308517, "val_micro_f1": 0.8479332574895715, "elapsed_min": 1.472622319062551}
{"epoch": 45, "loss": 3.8024843233870343e-05, "lr": 0.0005351601081897029, "val_macro_f1": 0.7971683066734773, "val_micro_f1": 0.8487607486090035, "elapsed_min": 1.50373930533727}
{"epoch": 46, "loss": 3.968528022596729e-05, "lr": 0.000470013084174926, "val_macro_f1": 0.7970005136967488, "val_micro_f1": 0.8486459124272336, "elapsed_min": 1.5342004537582397}
{"epoch": 47, "loss": 3.480667282929062e-05, "lr": 0.0004083512301507304, "val_macro_f1": 0.7968507466901508, "val_micro_f1": 0.8502749009078123, "elapsed_min": 1.5666493813196818}
{"epoch": 48, "loss": 4.026068187158671e-05, "lr": 0.0003503831903125351, "val_macro_f1": 0.7928343665721124, "val_micro_f1": 0.8474232038588475, "elapsed_min": 1.5998393058776856}
{"epoch": 49, "loss": 3.4399227115500255e-05, "lr": 0.0002963051101578025, "val_macro_f1": 0.7962571417040945, "val_micro_f1": 0.8484771250159298, "elapsed_min": 1.6311558127403258}
{"epoch": 50, "loss": 3.465856257207633e-05, "lr": 0.00024629997279176317, "val_macro_f1": 0.793996685790424, "val_micro_f1": 0.8503677402992645, "elapsed_min": 1.6627281427383422}
{"epoch": 51, "loss": 3.824557532425388e-05, "lr": 0.00020053697977051024, "val_macro_f1": 0.7966308331457377, "val_micro_f1": 0.8500255493101686, "elapsed_min": 1.6941327969233195}
{"epoch": 52, "loss": 4.089082059181237e-05, "lr": 0.00015917097857649434, "val_macro_f1": 0.7962519820138195, "val_micro_f1": 0.8502687484003071, "elapsed_min": 1.7257991353670756}
{"epoch": 53, "loss": 3.162545813211182e-05, "lr": 0.00012234193866365742, "val_macro_f1": 0.7960801127481187, "val_micro_f1": 0.846047505341209, "elapsed_min": 1.757581611474355}
{"epoch": 54, "loss": 3.029248016900965e-05, "lr": 9.017447784510602e-05, "val_macro_f1": 0.7962802042338888, "val_micro_f1": 0.8489576672208723, "elapsed_min": 1.7911849975585938}
{"epoch": 55, "loss": 2.961329630124965e-05, "lr": 6.277744062588095e-05, "val_macro_f1": 0.7954886148507181, "val_micro_f1": 0.8488077118214105, "elapsed_min": 1.823819879690806}
{"epoch": 56, "loss": 2.9548614329542033e-05, "lr": 4.0243529907604444e-05, "val_macro_f1": 0.7934480983443595, "val_micro_f1": 0.8498215196328404, "elapsed_min": 1.8558786153793334}
{"epoch": 57, "loss": 2.766284444987832e-05, "lr": 2.2648993311205557e-05, "val_macro_f1": 0.7955707620537524, "val_micro_f1": 0.8476686570956676, "elapsed_min": 1.8873733282089233}
{"epoch": 58, "loss": 2.821798298100475e-05, "lr": 1.0053365179107368e-05, "val_macro_f1": 0.7962585752082796, "val_micro_f1": 0.8491022539157009, "elapsed_min": 1.9185194730758668}
{"epoch": 59, "loss": 2.9558324649769928e-05, "lr": 2.4992651298572024e-06, "val_macro_f1": 0.7957440648228344, "val_micro_f1": 0.8495145631067961, "elapsed_min": 1.9496589461962381}
{"epoch": 60, "loss": 3.0040118217584678e-05, "lr": 1.2253846827188165e-08, "val_macro_f1": 0.7958462299136074, "val_micro_f1": 0.8498337170631874, "elapsed_min": 1.9828116257985433}
TEST multilabel macro-F1 0.7916486041952558 9-class weighted-F1 0.965537295828629
